// Jest Snapshot v1, https://goo.gl/fbAQLP

exports[`Navbar should render navbar and match snapshot 1`] = `
{
  "asFragment": [Function],
  "baseElement": <body>
    <div>
      <header
        class="sticky top-0 z-40 w-full border-b bg-background"
      >
        <div
          class="container flex h-16 items-center space-x-4 sm:justify-between sm:space-x-0"
        >
          <div
            class="flex gap-6 md:gap-10"
          >
            <a
              class="flex items-center space-x-2"
              href="/"
            >
              <img
                alt="Fil Logo"
                class="mix-blend-difference"
                data-nimg="1"
                decoding="async"
                height="48"
                src="/fil-white.svg"
                style="color: transparent;"
                width="48"
              />
            </a>
            <nav
              class="hidden gap-6 md:flex"
            >
              <a
                class="flex items-center text-sm font-medium text-muted-foreground transition-colors hover:text-primary"
                href="/tools"
              >
                All Tools
              </a>
              <a
                class="flex items-center text-sm font-medium text-muted-foreground transition-colors hover:text-primary"
                href="/about"
              >
                About
              </a>
            </nav>
          </div>
          <div
            class="flex flex-1 items-center justify-end space-x-4"
          >
            <nav
              class="flex items-center space-x-2"
            >
              <button
                class="inline-flex items-center cursor-pointer justify-center gap-2 whitespace-nowrap rounded-md text-sm font-medium transition-all disabled:pointer-events-none disabled:opacity-50 [&_svg]:pointer-events-none [&_svg:not([class*='size-'])]:size-4 shrink-0 [&_svg]:shrink-0 outline-none focus-visible:border-ring focus-visible:ring-ring/50 focus-visible:ring-[3px] aria-invalid:ring-destructive/20 dark:aria-invalid:ring-destructive/40 aria-invalid:border-destructive border bg-background shadow-xs hover:bg-accent hover:text-accent-foreground dark:bg-input/30 dark:border-input dark:hover:bg-input/50 size-9"
                data-slot="button"
              >
                <svg
                  class="lucide lucide-sun h-[1.2rem] w-[1.2rem] rotate-0 scale-100 transition-all dark:-rotate-90 dark:scale-0"
                  fill="none"
                  height="24"
                  stroke="currentColor"
                  stroke-linecap="round"
                  stroke-linejoin="round"
                  stroke-width="2"
                  viewBox="0 0 24 24"
                  width="24"
                  xmlns="http://www.w3.org/2000/svg"
                >
                  <circle
                    cx="12"
                    cy="12"
                    r="4"
                  />
                  <path
                    d="M12 2v2"
                  />
                  <path
                    d="M12 20v2"
                  />
                  <path
                    d="m4.93 4.93 1.41 1.41"
                  />
                  <path
                    d="m17.66 17.66 1.41 1.41"
                  />
                  <path
                    d="M2 12h2"
                  />
                  <path
                    d="M20 12h2"
                  />
                  <path
                    d="m6.34 17.66-1.41 1.41"
                  />
                  <path
                    d="m19.07 4.93-1.41 1.41"
                  />
                </svg>
                <svg
                  class="lucide lucide-moon absolute h-[1.2rem] w-[1.2rem] rotate-90 scale-0 transition-all dark:rotate-0 dark:scale-100"
                  fill="none"
                  height="24"
                  stroke="currentColor"
                  stroke-linecap="round"
                  stroke-linejoin="round"
                  stroke-width="2"
                  viewBox="0 0 24 24"
                  width="24"
                  xmlns="http://www.w3.org/2000/svg"
                >
                  <path
                    d="M12 3a6 6 0 0 0 9 9 9 9 0 1 1-9-9Z"
                  />
                </svg>
                <span
                  class="sr-only"
                >
                  Toggle theme
                </span>
              </button>
              <a
                href="https://github.com/tejasbenibagde/fil"
                rel="noreferrer"
                target="_blank"
              >
                <button
                  class="inline-flex items-center cursor-pointer justify-center gap-2 whitespace-nowrap rounded-md text-sm font-medium transition-all disabled:pointer-events-none disabled:opacity-50 [&_svg]:pointer-events-none [&_svg:not([class*='size-'])]:size-4 shrink-0 [&_svg]:shrink-0 outline-none focus-visible:border-ring focus-visible:ring-ring/50 focus-visible:ring-[3px] aria-invalid:ring-destructive/20 dark:aria-invalid:ring-destructive/40 aria-invalid:border-destructive border bg-background shadow-xs hover:bg-accent hover:text-accent-foreground dark:bg-input/30 dark:border-input dark:hover:bg-input/50 size-9"
                  data-slot="button"
                >
                  <svg
                    class="lucide lucide-github h-4 w-4"
                    fill="none"
                    height="24"
                    stroke="currentColor"
                    stroke-linecap="round"
                    stroke-linejoin="round"
                    stroke-width="2"
                    viewBox="0 0 24 24"
                    width="24"
                    xmlns="http://www.w3.org/2000/svg"
                  >
                    <path
                      d="M15 22v-4a4.8 4.8 0 0 0-1-3.5c3 0 6-2 6-5.5.08-1.25-.27-2.48-1-3.5.28-1.15.28-2.35 0-3.5 0 0-1 0-3 1.5-2.64-.5-5.36-.5-8 0C6 2 5 2 5 2c-.3 1.15-.3 2.35 0 3.5A5.403 5.403 0 0 0 4 9c0 3.5 3 5.5 6 5.5-.39.49-.68 1.05-.85 1.65-.17.6-.22 1.23-.15 1.85v4"
                    />
                    <path
                      d="M9 18c-4.51 2-5-2-7-2"
                    />
                  </svg>
                  <span
                    class="sr-only"
                  >
                    GitHub
                  </span>
                </button>
              </a>
              <button
                aria-controls="radix-«r0»"
                aria-expanded="false"
                aria-haspopup="dialog"
                class="inline-flex items-center cursor-pointer justify-center gap-2 whitespace-nowrap rounded-md text-sm font-medium transition-all disabled:pointer-events-none disabled:opacity-50 [&_svg]:pointer-events-none [&_svg:not([class*='size-'])]:size-4 shrink-0 [&_svg]:shrink-0 outline-none focus-visible:border-ring focus-visible:ring-ring/50 focus-visible:ring-[3px] aria-invalid:ring-destructive/20 dark:aria-invalid:ring-destructive/40 aria-invalid:border-destructive hover:bg-accent hover:text-accent-foreground dark:hover:bg-accent/50 size-9 md:hidden"
                data-slot="sheet-trigger"
                data-state="closed"
                type="button"
              >
                <svg
                  class="lucide lucide-menu h-5 w-5"
                  fill="none"
                  height="24"
                  stroke="currentColor"
                  stroke-linecap="round"
                  stroke-linejoin="round"
                  stroke-width="2"
                  viewBox="0 0 24 24"
                  width="24"
                  xmlns="http://www.w3.org/2000/svg"
                >
                  <line
                    x1="4"
                    x2="20"
                    y1="12"
                    y2="12"
                  />
                  <line
                    x1="4"
                    x2="20"
                    y1="6"
                    y2="6"
                  />
                  <line
                    x1="4"
                    x2="20"
                    y1="18"
                    y2="18"
                  />
                </svg>
                <span
                  class="sr-only"
                >
                  Toggle menu
                </span>
              </button>
            </nav>
          </div>
        </div>
      </header>
    </div>
  </body>,
  "container": <div>
    <header
      class="sticky top-0 z-40 w-full border-b bg-background"
    >
      <div
        class="container flex h-16 items-center space-x-4 sm:justify-between sm:space-x-0"
      >
        <div
          class="flex gap-6 md:gap-10"
        >
          <a
            class="flex items-center space-x-2"
            href="/"
          >
            <img
              alt="Fil Logo"
              class="mix-blend-difference"
              data-nimg="1"
              decoding="async"
              height="48"
              src="/fil-white.svg"
              style="color: transparent;"
              width="48"
            />
          </a>
          <nav
            class="hidden gap-6 md:flex"
          >
            <a
              class="flex items-center text-sm font-medium text-muted-foreground transition-colors hover:text-primary"
              href="/tools"
            >
              All Tools
            </a>
            <a
              class="flex items-center text-sm font-medium text-muted-foreground transition-colors hover:text-primary"
              href="/about"
            >
              About
            </a>
          </nav>
        </div>
        <div
          class="flex flex-1 items-center justify-end space-x-4"
        >
          <nav
            class="flex items-center space-x-2"
          >
            <button
              class="inline-flex items-center cursor-pointer justify-center gap-2 whitespace-nowrap rounded-md text-sm font-medium transition-all disabled:pointer-events-none disabled:opacity-50 [&_svg]:pointer-events-none [&_svg:not([class*='size-'])]:size-4 shrink-0 [&_svg]:shrink-0 outline-none focus-visible:border-ring focus-visible:ring-ring/50 focus-visible:ring-[3px] aria-invalid:ring-destructive/20 dark:aria-invalid:ring-destructive/40 aria-invalid:border-destructive border bg-background shadow-xs hover:bg-accent hover:text-accent-foreground dark:bg-input/30 dark:border-input dark:hover:bg-input/50 size-9"
              data-slot="button"
            >
              <svg
                class="lucide lucide-sun h-[1.2rem] w-[1.2rem] rotate-0 scale-100 transition-all dark:-rotate-90 dark:scale-0"
                fill="none"
                height="24"
                stroke="currentColor"
                stroke-linecap="round"
                stroke-linejoin="round"
                stroke-width="2"
                viewBox="0 0 24 24"
                width="24"
                xmlns="http://www.w3.org/2000/svg"
              >
                <circle
                  cx="12"
                  cy="12"
                  r="4"
                />
                <path
                  d="M12 2v2"
                />
                <path
                  d="M12 20v2"
                />
                <path
                  d="m4.93 4.93 1.41 1.41"
                />
                <path
                  d="m17.66 17.66 1.41 1.41"
                />
                <path
                  d="M2 12h2"
                />
                <path
                  d="M20 12h2"
                />
                <path
                  d="m6.34 17.66-1.41 1.41"
                />
                <path
                  d="m19.07 4.93-1.41 1.41"
                />
              </svg>
              <svg
                class="lucide lucide-moon absolute h-[1.2rem] w-[1.2rem] rotate-90 scale-0 transition-all dark:rotate-0 dark:scale-100"
                fill="none"
                height="24"
                stroke="currentColor"
                stroke-linecap="round"
                stroke-linejoin="round"
                stroke-width="2"
                viewBox="0 0 24 24"
                width="24"
                xmlns="http://www.w3.org/2000/svg"
              >
                <path
                  d="M12 3a6 6 0 0 0 9 9 9 9 0 1 1-9-9Z"
                />
              </svg>
              <span
                class="sr-only"
              >
                Toggle theme
              </span>
            </button>
            <a
              href="https://github.com/tejasbenibagde/fil"
              rel="noreferrer"
              target="_blank"
            >
              <button
                class="inline-flex items-center cursor-pointer justify-center gap-2 whitespace-nowrap rounded-md text-sm font-medium transition-all disabled:pointer-events-none disabled:opacity-50 [&_svg]:pointer-events-none [&_svg:not([class*='size-'])]:size-4 shrink-0 [&_svg]:shrink-0 outline-none focus-visible:border-ring focus-visible:ring-ring/50 focus-visible:ring-[3px] aria-invalid:ring-destructive/20 dark:aria-invalid:ring-destructive/40 aria-invalid:border-destructive border bg-background shadow-xs hover:bg-accent hover:text-accent-foreground dark:bg-input/30 dark:border-input dark:hover:bg-input/50 size-9"
                data-slot="button"
              >
                <svg
                  class="lucide lucide-github h-4 w-4"
                  fill="none"
                  height="24"
                  stroke="currentColor"
                  stroke-linecap="round"
                  stroke-linejoin="round"
                  stroke-width="2"
                  viewBox="0 0 24 24"
                  width="24"
                  xmlns="http://www.w3.org/2000/svg"
                >
                  <path
                    d="M15 22v-4a4.8 4.8 0 0 0-1-3.5c3 0 6-2 6-5.5.08-1.25-.27-2.48-1-3.5.28-1.15.28-2.35 0-3.5 0 0-1 0-3 1.5-2.64-.5-5.36-.5-8 0C6 2 5 2 5 2c-.3 1.15-.3 2.35 0 3.5A5.403 5.403 0 0 0 4 9c0 3.5 3 5.5 6 5.5-.39.49-.68 1.05-.85 1.65-.17.6-.22 1.23-.15 1.85v4"
                  />
                  <path
                    d="M9 18c-4.51 2-5-2-7-2"
                  />
                </svg>
                <span
                  class="sr-only"
                >
                  GitHub
                </span>
              </button>
            </a>
            <button
              aria-controls="radix-«r0»"
              aria-expanded="false"
              aria-haspopup="dialog"
              class="inline-flex items-center cursor-pointer justify-center gap-2 whitespace-nowrap rounded-md text-sm font-medium transition-all disabled:pointer-events-none disabled:opacity-50 [&_svg]:pointer-events-none [&_svg:not([class*='size-'])]:size-4 shrink-0 [&_svg]:shrink-0 outline-none focus-visible:border-ring focus-visible:ring-ring/50 focus-visible:ring-[3px] aria-invalid:ring-destructive/20 dark:aria-invalid:ring-destructive/40 aria-invalid:border-destructive hover:bg-accent hover:text-accent-foreground dark:hover:bg-accent/50 size-9 md:hidden"
              data-slot="sheet-trigger"
              data-state="closed"
              type="button"
            >
              <svg
                class="lucide lucide-menu h-5 w-5"
                fill="none"
                height="24"
                stroke="currentColor"
                stroke-linecap="round"
                stroke-linejoin="round"
                stroke-width="2"
                viewBox="0 0 24 24"
                width="24"
                xmlns="http://www.w3.org/2000/svg"
              >
                <line
                  x1="4"
                  x2="20"
                  y1="12"
                  y2="12"
                />
                <line
                  x1="4"
                  x2="20"
                  y1="6"
                  y2="6"
                />
                <line
                  x1="4"
                  x2="20"
                  y1="18"
                  y2="18"
                />
              </svg>
              <span
                class="sr-only"
              >
                Toggle menu
              </span>
            </button>
          </nav>
        </div>
      </div>
    </header>
  </div>,
  "debug": [Function],
  "findAllByAltText": [Function],
  "findAllByDisplayValue": [Function],
  "findAllByLabelText": [Function],
  "findAllByPlaceholderText": [Function],
  "findAllByRole": [Function],
  "findAllByTestId": [Function],
  "findAllByText": [Function],
  "findAllByTitle": [Function],
  "findByAltText": [Function],
  "findByDisplayValue": [Function],
  "findByLabelText": [Function],
  "findByPlaceholderText": [Function],
  "findByRole": [Function],
  "findByTestId": [Function],
  "findByText": [Function],
  "findByTitle": [Function],
  "getAllByAltText": [Function],
  "getAllByDisplayValue": [Function],
  "getAllByLabelText": [Function],
  "getAllByPlaceholderText": [Function],
  "getAllByRole": [Function],
  "getAllByTestId": [Function],
  "getAllByText": [Function],
  "getAllByTitle": [Function],
  "getByAltText": [Function],
  "getByDisplayValue": [Function],
  "getByLabelText": [Function],
  "getByPlaceholderText": [Function],
  "getByRole": [Function],
  "getByTestId": [Function],
  "getByText": [Function],
  "getByTitle": [Function],
  "queryAllByAltText": [Function],
  "queryAllByDisplayValue": [Function],
  "queryAllByLabelText": [Function],
  "queryAllByPlaceholderText": [Function],
  "queryAllByRole": [Function],
  "queryAllByTestId": [Function],
  "queryAllByText": [Function],
  "queryAllByTitle": [Function],
  "queryByAltText": [Function],
  "queryByDisplayValue": [Function],
  "queryByLabelText": [Function],
  "queryByPlaceholderText": [Function],
  "queryByRole": [Function],
  "queryByTestId": [Function],
  "queryByText": [Function],
  "queryByTitle": [Function],
  "rerender": [Function],
  "unmount": [Function],
}
`;
