// Jest Snapshot v1, https://goo.gl/fbAQLP

exports[`renders homepage unchanged 1`] = `
<div>
  <div
    class="flex min-h-screen flex-col"
  >
    <main
      class="flex-1"
    >
      <section
        class="w-full py-12 md:py-24 lg:py-32 bg-muted"
      >
        <div
          class="container px-4 md:px-6"
        >
          <div
            class="flex flex-col items-center justify-center space-y-4 text-center"
          >
            <div
              class="space-y-2"
            >
              <h2
                class="text-3xl font-bold tracking-tighter sm:text-4xl md:text-5xl"
              >
                Free Open Source File Utilities
              </h2>
              <p
                class="mx-auto max-w-[700px] text-muted-foreground md:text-xl"
              >
                A collection of free, open-source tools to work with your   files. No ads, no tracking, just utilities.
              </p>
            </div>
            <div
              class="space-x-4"
            >
              <a
                class="inline-flex items-center cursor-pointer justify-center gap-2 whitespace-nowrap rounded-md text-sm font-medium transition-all disabled:pointer-events-none disabled:opacity-50 [&_svg]:pointer-events-none [&_svg:not([class*='size-'])]:size-4 shrink-0 [&_svg]:shrink-0 outline-none focus-visible:border-ring focus-visible:ring-ring/50 focus-visible:ring-[3px] aria-invalid:ring-destructive/20 dark:aria-invalid:ring-destructive/40 aria-invalid:border-destructive bg-primary text-primary-foreground shadow-xs hover:bg-primary/90 h-9 px-4 py-2 has-[>svg]:px-3"
                data-slot="button"
                href="/tools"
              >
                Get Started
              </a>
              <a
                class="inline-flex items-center cursor-pointer justify-center gap-2 whitespace-nowrap rounded-md text-sm font-medium transition-all disabled:pointer-events-none disabled:opacity-50 [&_svg]:pointer-events-none [&_svg:not([class*='size-'])]:size-4 shrink-0 [&_svg]:shrink-0 outline-none focus-visible:border-ring focus-visible:ring-ring/50 focus-visible:ring-[3px] aria-invalid:ring-destructive/20 dark:aria-invalid:ring-destructive/40 aria-invalid:border-destructive border bg-background shadow-xs hover:bg-accent hover:text-accent-foreground dark:bg-input/30 dark:border-input dark:hover:bg-input/50 h-9 px-4 py-2 has-[>svg]:px-3"
                data-slot="button"
                href="/about"
              >
                Learn More
              </a>
            </div>
          </div>
        </div>
      </section>
      <section
        class="w-full py-12 md:py-24 lg:py-32"
      >
        <div
          class="container"
        >
          <div
            class="flex flex-col items-center justify-center space-y-4 text-center"
          >
            <div
              class="space-y-2"
            >
              <h2
                class="text-3xl font-bold tracking-tighter sm:text-4xl md:text-5xl"
              >
                Our Tools
              </h2>
              <p
                class="mx-auto max-w-[700px] text-muted-foreground md:text-xl"
              >
                Choose from our wide range of file utilities to make your work   easier.
              </p>
            </div>
            <div
              class=" w-full max-w-5xl "
            >
              <div
                class="grid grid-cols-1 gap-6 sm:grid-cols-2 lg:grid-cols-3 mb-10"
              >
                <div
                  class="bg-card text-card-foreground flex flex-col gap-6 rounded-xl border py-6 shadow-sm transition-all hover:shadow-md"
                  data-slot="card"
                >
                  <div
                    class="@container/card-header grid auto-rows-min grid-rows-[auto_auto] items-start gap-1.5 px-6 has-data-[slot=card-action]:grid-cols-[1fr_auto] [.border-b]:pb-6"
                    data-slot="card-header"
                  >
                    <div
                      class="flex items-center justify-center w-12 h-12 rounded-full bg-primary/10 mb-4"
                    >
                      <svg
                        class="lucide lucide-images h-8 w-8"
                        fill="none"
                        height="24"
                        stroke="currentColor"
                        stroke-linecap="round"
                        stroke-linejoin="round"
                        stroke-width="2"
                        viewBox="0 0 24 24"
                        width="24"
                        xmlns="http://www.w3.org/2000/svg"
                      >
                        <path
                          d="M18 22H4a2 2 0 0 1-2-2V6"
                        />
                        <path
                          d="m22 13-1.296-1.296a2.41 2.41 0 0 0-3.408 0L11 18"
                        />
                        <circle
                          cx="12"
                          cy="8"
                          r="2"
                        />
                        <rect
                          height="16"
                          rx="2"
                          width="16"
                          x="6"
                          y="2"
                        />
                      </svg>
                    </div>
                    <div
                      class="leading-none font-semibold"
                      data-slot="card-title"
                    >
                      Image Tools
                    </div>
                    <div
                      class="text-muted-foreground text-sm"
                      data-slot="card-description"
                    >
                      Resize, compress, and convert image files
                    </div>
                  </div>
                  <div
                    class="flex items-center px-6 [.border-t]:pt-6"
                    data-slot="card-footer"
                  >
                    <a
                      class="inline-flex items-center cursor-pointer justify-center gap-2 whitespace-nowrap rounded-md text-sm font-medium transition-all disabled:pointer-events-none disabled:opacity-50 [&_svg]:pointer-events-none [&_svg:not([class*='size-'])]:size-4 shrink-0 [&_svg]:shrink-0 outline-none focus-visible:border-ring focus-visible:ring-ring/50 focus-visible:ring-[3px] aria-invalid:ring-destructive/20 dark:aria-invalid:ring-destructive/40 aria-invalid:border-destructive border bg-background shadow-xs hover:bg-accent hover:text-accent-foreground dark:bg-input/30 dark:border-input dark:hover:bg-input/50 h-9 px-4 py-2 has-[>svg]:px-3 w-full"
                      data-slot="button"
                      href="/tools/image"
                    >
                      Use Tool
                    </a>
                  </div>
                </div>
                <div
                  class="bg-card text-card-foreground flex flex-col gap-6 rounded-xl border py-6 shadow-sm transition-all hover:shadow-md"
                  data-slot="card"
                >
                  <div
                    class="@container/card-header grid auto-rows-min grid-rows-[auto_auto] items-start gap-1.5 px-6 has-data-[slot=card-action]:grid-cols-[1fr_auto] [.border-b]:pb-6"
                    data-slot="card-header"
                  >
                    <div
                      class="flex items-center justify-center w-12 h-12 rounded-full bg-primary/10 mb-4"
                    >
                      <svg
                        class="lucide lucide-file-text h-8 w-8"
                        fill="none"
                        height="24"
                        stroke="currentColor"
                        stroke-linecap="round"
                        stroke-linejoin="round"
                        stroke-width="2"
                        viewBox="0 0 24 24"
                        width="24"
                        xmlns="http://www.w3.org/2000/svg"
                      >
                        <path
                          d="M15 2H6a2 2 0 0 0-2 2v16a2 2 0 0 0 2 2h12a2 2 0 0 0 2-2V7Z"
                        />
                        <path
                          d="M14 2v4a2 2 0 0 0 2 2h4"
                        />
                        <path
                          d="M10 9H8"
                        />
                        <path
                          d="M16 13H8"
                        />
                        <path
                          d="M16 17H8"
                        />
                      </svg>
                    </div>
                    <div
                      class="leading-none font-semibold"
                      data-slot="card-title"
                    >
                      PDF Tools
                    </div>
                    <div
                      class="text-muted-foreground text-sm"
                      data-slot="card-description"
                    >
                      Compress, merge, split, and convert PDF files
                    </div>
                  </div>
                  <div
                    class="flex items-center px-6 [.border-t]:pt-6"
                    data-slot="card-footer"
                  >
                    <a
                      class="inline-flex items-center cursor-pointer justify-center gap-2 whitespace-nowrap rounded-md text-sm font-medium transition-all disabled:pointer-events-none disabled:opacity-50 [&_svg]:pointer-events-none [&_svg:not([class*='size-'])]:size-4 shrink-0 [&_svg]:shrink-0 outline-none focus-visible:border-ring focus-visible:ring-ring/50 focus-visible:ring-[3px] aria-invalid:ring-destructive/20 dark:aria-invalid:ring-destructive/40 aria-invalid:border-destructive border bg-background shadow-xs hover:bg-accent hover:text-accent-foreground dark:bg-input/30 dark:border-input dark:hover:bg-input/50 h-9 px-4 py-2 has-[>svg]:px-3 w-full"
                      data-slot="button"
                      href="/tools/pdf"
                    >
                      Use Tool
                    </a>
                  </div>
                </div>
                <div
                  class="bg-card text-card-foreground flex flex-col gap-6 rounded-xl border py-6 shadow-sm transition-all hover:shadow-md"
                  data-slot="card"
                >
                  <div
                    class="@container/card-header grid auto-rows-min grid-rows-[auto_auto] items-start gap-1.5 px-6 has-data-[slot=card-action]:grid-cols-[1fr_auto] [.border-b]:pb-6"
                    data-slot="card-header"
                  >
                    <div
                      class="flex items-center justify-center w-12 h-12 rounded-full bg-primary/10 mb-4"
                    >
                      <svg
                        class="lucide lucide-file-archive h-8 w-8"
                        fill="none"
                        height="24"
                        stroke="currentColor"
                        stroke-linecap="round"
                        stroke-linejoin="round"
                        stroke-width="2"
                        viewBox="0 0 24 24"
                        width="24"
                        xmlns="http://www.w3.org/2000/svg"
                      >
                        <path
                          d="M10 12v-1"
                        />
                        <path
                          d="M10 18v-2"
                        />
                        <path
                          d="M10 7V6"
                        />
                        <path
                          d="M14 2v4a2 2 0 0 0 2 2h4"
                        />
                        <path
                          d="M15.5 22H18a2 2 0 0 0 2-2V7l-5-5H6a2 2 0 0 0-2 2v16a2 2 0 0 0 .274 1.01"
                        />
                        <circle
                          cx="10"
                          cy="20"
                          r="2"
                        />
                      </svg>
                    </div>
                    <div
                      class="leading-none font-semibold"
                      data-slot="card-title"
                    >
                      Archive Tools
                    </div>
                    <div
                      class="text-muted-foreground text-sm"
                      data-slot="card-description"
                    >
                      Compress and extract ZIP, RAR, and other archive files
                    </div>
                  </div>
                  <div
                    class="flex items-center px-6 [.border-t]:pt-6"
                    data-slot="card-footer"
                  >
                    <a
                      class="inline-flex items-center cursor-pointer justify-center gap-2 whitespace-nowrap rounded-md text-sm font-medium transition-all disabled:pointer-events-none disabled:opacity-50 [&_svg]:pointer-events-none [&_svg:not([class*='size-'])]:size-4 shrink-0 [&_svg]:shrink-0 outline-none focus-visible:border-ring focus-visible:ring-ring/50 focus-visible:ring-[3px] aria-invalid:ring-destructive/20 dark:aria-invalid:ring-destructive/40 aria-invalid:border-destructive border bg-background shadow-xs hover:bg-accent hover:text-accent-foreground dark:bg-input/30 dark:border-input dark:hover:bg-input/50 h-9 px-4 py-2 has-[>svg]:px-3 w-full"
                      data-slot="button"
                      href="/tools/archive"
                    >
                      Use Tool
                    </a>
                  </div>
                </div>
                <div
                  class="bg-card text-card-foreground flex flex-col gap-6 rounded-xl border py-6 shadow-sm transition-all hover:shadow-md"
                  data-slot="card"
                >
                  <div
                    class="@container/card-header grid auto-rows-min grid-rows-[auto_auto] items-start gap-1.5 px-6 has-data-[slot=card-action]:grid-cols-[1fr_auto] [.border-b]:pb-6"
                    data-slot="card-header"
                  >
                    <div
                      class="flex items-center justify-center w-12 h-12 rounded-full bg-primary/10 mb-4"
                    >
                      <svg
                        class="lucide lucide-file-audio h-8 w-8"
                        fill="none"
                        height="24"
                        stroke="currentColor"
                        stroke-linecap="round"
                        stroke-linejoin="round"
                        stroke-width="2"
                        viewBox="0 0 24 24"
                        width="24"
                        xmlns="http://www.w3.org/2000/svg"
                      >
                        <path
                          d="M17.5 22h.5a2 2 0 0 0 2-2V7l-5-5H6a2 2 0 0 0-2 2v3"
                        />
                        <path
                          d="M14 2v4a2 2 0 0 0 2 2h4"
                        />
                        <path
                          d="M2 19a2 2 0 1 1 4 0v1a2 2 0 1 1-4 0v-4a6 6 0 0 1 12 0v4a2 2 0 1 1-4 0v-1a2 2 0 1 1 4 0"
                        />
                      </svg>
                    </div>
                    <div
                      class="leading-none font-semibold"
                      data-slot="card-title"
                    >
                      Audio Tools
                    </div>
                    <div
                      class="text-muted-foreground text-sm"
                      data-slot="card-description"
                    >
                      Convert, compress, and edit audio files
                    </div>
                  </div>
                  <div
                    class="flex items-center px-6 [.border-t]:pt-6"
                    data-slot="card-footer"
                  >
                    <a
                      class="inline-flex items-center cursor-pointer justify-center gap-2 whitespace-nowrap rounded-md text-sm font-medium transition-all disabled:pointer-events-none disabled:opacity-50 [&_svg]:pointer-events-none [&_svg:not([class*='size-'])]:size-4 shrink-0 [&_svg]:shrink-0 outline-none focus-visible:border-ring focus-visible:ring-ring/50 focus-visible:ring-[3px] aria-invalid:ring-destructive/20 dark:aria-invalid:ring-destructive/40 aria-invalid:border-destructive border bg-background shadow-xs hover:bg-accent hover:text-accent-foreground dark:bg-input/30 dark:border-input dark:hover:bg-input/50 h-9 px-4 py-2 has-[>svg]:px-3 w-full"
                      data-slot="button"
                      href="/tools/audio"
                    >
                      Use Tool
                    </a>
                  </div>
                </div>
                <div
                  class="bg-card text-card-foreground flex flex-col gap-6 rounded-xl border py-6 shadow-sm transition-all hover:shadow-md"
                  data-slot="card"
                >
                  <div
                    class="@container/card-header grid auto-rows-min grid-rows-[auto_auto] items-start gap-1.5 px-6 has-data-[slot=card-action]:grid-cols-[1fr_auto] [.border-b]:pb-6"
                    data-slot="card-header"
                  >
                    <div
                      class="flex items-center justify-center w-12 h-12 rounded-full bg-primary/10 mb-4"
                    >
                      <svg
                        class="lucide lucide-file-video h-8 w-8"
                        fill="none"
                        height="24"
                        stroke="currentColor"
                        stroke-linecap="round"
                        stroke-linejoin="round"
                        stroke-width="2"
                        viewBox="0 0 24 24"
                        width="24"
                        xmlns="http://www.w3.org/2000/svg"
                      >
                        <path
                          d="M15 2H6a2 2 0 0 0-2 2v16a2 2 0 0 0 2 2h12a2 2 0 0 0 2-2V7Z"
                        />
                        <path
                          d="M14 2v4a2 2 0 0 0 2 2h4"
                        />
                        <path
                          d="m10 11 5 3-5 3v-6Z"
                        />
                      </svg>
                    </div>
                    <div
                      class="leading-none font-semibold"
                      data-slot="card-title"
                    >
                      Video Tools
                    </div>
                    <div
                      class="text-muted-foreground text-sm"
                      data-slot="card-description"
                    >
                      Convert, compress, and edit video files
                    </div>
                  </div>
                  <div
                    class="flex items-center px-6 [.border-t]:pt-6"
                    data-slot="card-footer"
                  >
                    <a
                      class="inline-flex items-center cursor-pointer justify-center gap-2 whitespace-nowrap rounded-md text-sm font-medium transition-all disabled:pointer-events-none disabled:opacity-50 [&_svg]:pointer-events-none [&_svg:not([class*='size-'])]:size-4 shrink-0 [&_svg]:shrink-0 outline-none focus-visible:border-ring focus-visible:ring-ring/50 focus-visible:ring-[3px] aria-invalid:ring-destructive/20 dark:aria-invalid:ring-destructive/40 aria-invalid:border-destructive border bg-background shadow-xs hover:bg-accent hover:text-accent-foreground dark:bg-input/30 dark:border-input dark:hover:bg-input/50 h-9 px-4 py-2 has-[>svg]:px-3 w-full"
                      data-slot="button"
                      href="/tools/video"
                    >
                      Use Tool
                    </a>
                  </div>
                </div>
                <div
                  class="bg-card text-card-foreground flex flex-col gap-6 rounded-xl border py-6 shadow-sm transition-all hover:shadow-md"
                  data-slot="card"
                >
                  <div
                    class="@container/card-header grid auto-rows-min grid-rows-[auto_auto] items-start gap-1.5 px-6 has-data-[slot=card-action]:grid-cols-[1fr_auto] [.border-b]:pb-6"
                    data-slot="card-header"
                  >
                    <div
                      class="flex items-center justify-center w-12 h-12 rounded-full bg-primary/10 mb-4"
                    >
                      <svg
                        class="lucide lucide-file-cog h-8 w-8"
                        fill="none"
                        height="24"
                        stroke="currentColor"
                        stroke-linecap="round"
                        stroke-linejoin="round"
                        stroke-width="2"
                        viewBox="0 0 24 24"
                        width="24"
                        xmlns="http://www.w3.org/2000/svg"
                      >
                        <path
                          d="M14 2v4a2 2 0 0 0 2 2h4"
                        />
                        <path
                          d="m3.2 12.9-.9-.4"
                        />
                        <path
                          d="m3.2 15.1-.9.4"
                        />
                        <path
                          d="M4.677 21.5a2 2 0 0 0 1.313.5H18a2 2 0 0 0 2-2V7l-5-5H6a2 2 0 0 0-2 2v2.5"
                        />
                        <path
                          d="m4.9 11.2-.4-.9"
                        />
                        <path
                          d="m4.9 16.8-.4.9"
                        />
                        <path
                          d="m7.5 10.3-.4.9"
                        />
                        <path
                          d="m7.5 17.7-.4-.9"
                        />
                        <path
                          d="m9.7 12.5-.9.4"
                        />
                        <path
                          d="m9.7 15.5-.9-.4"
                        />
                        <circle
                          cx="6"
                          cy="14"
                          r="3"
                        />
                      </svg>
                    </div>
                    <div
                      class="leading-none font-semibold"
                      data-slot="card-title"
                    >
                      Other Tools
                    </div>
                    <div
                      class="text-muted-foreground text-sm"
                      data-slot="card-description"
                    >
                      Various other utility tools for your files
                    </div>
                  </div>
                  <div
                    class="flex items-center px-6 [.border-t]:pt-6"
                    data-slot="card-footer"
                  >
                    <a
                      class="inline-flex items-center cursor-pointer justify-center gap-2 whitespace-nowrap rounded-md text-sm font-medium transition-all disabled:pointer-events-none disabled:opacity-50 [&_svg]:pointer-events-none [&_svg:not([class*='size-'])]:size-4 shrink-0 [&_svg]:shrink-0 outline-none focus-visible:border-ring focus-visible:ring-ring/50 focus-visible:ring-[3px] aria-invalid:ring-destructive/20 dark:aria-invalid:ring-destructive/40 aria-invalid:border-destructive border bg-background shadow-xs hover:bg-accent hover:text-accent-foreground dark:bg-input/30 dark:border-input dark:hover:bg-input/50 h-9 px-4 py-2 has-[>svg]:px-3 w-full"
                      data-slot="button"
                      href="/tools/other"
                    >
                      Use Tool
                    </a>
                  </div>
                </div>
              </div>
            </div>
          </div>
        </div>
      </section>
      <section
        class="w-full py-12 md:py-24 lg:py-32 bg-muted"
      >
        <div
          class="container px-4 md:px-6"
        >
          <div
            class="flex flex-col items-center justify-center space-y-4 text-center"
          >
            <div
              class="space-y-2"
            >
              <h2
                class="text-3xl font-bold tracking-tighter sm:text-4xl md:text-5xl"
              >
                Open Source
              </h2>
              <p
                class="mx-auto max-w-[700px] text-muted-foreground md:text-xl"
              >
                All our tools are open source and free to use. You can   contribute to the project on GitHub.
              </p>
            </div>
            <div
              class="space-x-4"
            >
              <a
                class="inline-flex items-center cursor-pointer justify-center gap-2 whitespace-nowrap rounded-md text-sm font-medium transition-all disabled:pointer-events-none disabled:opacity-50 [&_svg]:pointer-events-none [&_svg:not([class*='size-'])]:size-4 shrink-0 [&_svg]:shrink-0 outline-none focus-visible:border-ring focus-visible:ring-ring/50 focus-visible:ring-[3px] aria-invalid:ring-destructive/20 dark:aria-invalid:ring-destructive/40 aria-invalid:border-destructive border bg-background shadow-xs hover:bg-accent hover:text-accent-foreground dark:bg-input/30 dark:border-input dark:hover:bg-input/50 h-9 px-4 py-2 has-[>svg]:px-3"
                data-slot="button"
                href="https://github.com/tejasbenibagde/fil"
                rel="noreferrer"
                target="_blank"
              >
                <svg
                  class="lucide lucide-github mr-2 h-4 w-4"
                  fill="none"
                  height="24"
                  stroke="currentColor"
                  stroke-linecap="round"
                  stroke-linejoin="round"
                  stroke-width="2"
                  viewBox="0 0 24 24"
                  width="24"
                  xmlns="http://www.w3.org/2000/svg"
                >
                  <path
                    d="M15 22v-4a4.8 4.8 0 0 0-1-3.5c3 0 6-2 6-5.5.08-1.25-.27-2.48-1-3.5.28-1.15.28-2.35 0-3.5 0 0-1 0-3 1.5-2.64-.5-5.36-.5-8 0C6 2 5 2 5 2c-.3 1.15-.3 2.35 0 3.5A5.403 5.403 0 0 0 4 9c0 3.5 3 5.5 6 5.5-.39.49-.68 1.05-.85 1.65-.17.6-.22 1.23-.15 1.85v4"
                  />
                  <path
                    d="M9 18c-4.51 2-5-2-7-2"
                  />
                </svg>
                View on GitHub
              </a>
            </div>
          </div>
        </div>
      </section>
    </main>
  </div>
</div>
`;
